[    0.000000] Linux version 6.8.0-57-generic (buildd@lcy02-amd64-040) (x86_64-linux-gnu-gcc-13 (Ubuntu 13.3.0-6ubuntu2~24.04) 13.3.0, GNU ld (GNU Binutils for Ubuntu) 2.42) #59-Ubuntu SMP PREEMPT_DYNAMIC Sat Mar 15 17:40:59 UTC 2025 (Ubuntu 6.8.0-57.59-generic 6.8.12)
[    0.000000] Command line: BOOT_IMAGE=/vmlinuz-6.8.0-57-generic root=LABEL=cloudimg-rootfs ro console=tty1 console=ttyS0
[    0.000000] KERNEL supported cpus:
[    0.000000]   Intel GenuineIntel
[    0.000000]   AMD AuthenticAMD
[    0.000000]   Hygon HygonGenuine
[    0.000000]   Centaur CentaurHauls
[    0.000000]   zhaoxin   Shanghai  
[    0.000000] BIOS-provided physical RAM map:
[    0.000000] BIOS-e820: [mem 0x0000000000000000-0x000000000009ffff] usable
[    0.000000] BIOS-e820: [mem 0x00000000000c0000-0x00000000000fffff] reserved
[    0.000000] BIOS-e820: [mem 0x0000000000100000-0x000000003ff40fff] usable
[    0.000000] BIOS-e820: [mem 0x000000003ff41000-0x000000003ffc8fff] reserved
[    0.000000] BIOS-e820: [mem 0x000000003ffc9000-0x000000003fffafff] ACPI data
[    0.000000] BIOS-e820: [mem 0x000000003fffb000-0x000000003fffefff] ACPI NVS
[    0.000000] BIOS-e820: [mem 0x000000003ffff000-0x000000003fffffff] usable
[    0.000000] NX (Execute Disable) protection: active
[    0.000000] APIC: Static calls initialized
[    0.000000] efi: EFI v2.7 by Microsoft
[    0.000000] efi: ACPI=0x3fffa000 ACPI 2.0=0x3fffa014 SMBIOS=0x3ff85000 SMBIOS 3.0=0x3ff83000 MEMATTR=0x3eefda98 MOKvar=0x3ff80000 INITRD=0x3ea69018 RNG=0x3ffd2018 
[    0.000000] random: crng init done
[    0.000000] secureboot: Secure boot disabled
[    0.000000] SMBIOS 3.1.0 present.
[    0.000000] DMI: Microsoft Corporation Virtual Machine/Virtual Machine, BIOS Hyper-V UEFI Release v4.1 06/20/2024
[    0.000000] Hypervisor detected: Microsoft Hyper-V
[    0.000000] Hyper-V: privilege flags low 0x2e7f, high 0x3b8030, hints 0x20c2c, misc 0xbed7b2
[    0.000000] Hyper-V: Host Build 10.0.19041.5607-5-0
[    0.000000] Hyper-V: LAPIC Timer Frequency: 0x30d40
[    0.000000] Hyper-V: Using hypercall for remote TLB flush
[    0.000000] clocksource: hyperv_clocksource_tsc_page: mask: 0xffffffffffffffff max_cycles: 0x24e6a1710, max_idle_ns: 440795202120 ns
[    0.000002] clocksource: hyperv_clocksource_msr: mask: 0xffffffffffffffff max_cycles: 0x24e6a1710, max_idle_ns: 440795202120 ns
[    0.000006] tsc: Marking TSC unstable due to running on Hyper-V
[    0.000011] tsc: Detected 1896.000 MHz processor
[    0.000026] e820: update [mem 0x00000000-0x00000fff] usable ==> reserved
[    0.000033] e820: remove [mem 0x000a0000-0x000fffff] usable
[    0.000042] last_pfn = 0x40000 max_arch_pfn = 0x400000000
[    0.000091] MTRR map: 3 entries (2 fixed + 1 variable; max 18), built from 8 variable MTRRs
[    0.000097] x86/PAT: Configuration [0-7]: WB  WC  UC- UC  WB  WP  UC- WT  
[    0.016297] Using GB pages for direct mapping
[    0.016549] secureboot: Secure boot disabled
[    0.016551] RAMDISK: [mem 0x38c36000-0x3a746fff]
[    0.016721] ACPI: Early table checksum verification disabled
[    0.016725] ACPI: RSDP 0x000000003FFFA014 000024 (v02 VRTUAL)
[    0.016734] ACPI: XSDT 0x000000003FFF90E8 00005C (v01 VRTUAL MICROSFT 00000001 MSFT 00000001)
[    0.016743] ACPI: FACP 0x000000003FFF8000 000114 (v06 VRTUAL MICROSFT 00000001 MSFT 00000001)
[    0.016752] ACPI: DSDT 0x000000003FFD7000 01E184 (v02 MSFTVM DSDT01   00000001 MSFT 05000000)
[    0.016758] ACPI: FACS 0x000000003FFFE000 000040
[    0.016763] ACPI: OEM0 0x000000003FFF7000 000064 (v01 VRTUAL MICROSFT 00000001 MSFT 00000001)
[    0.016769] ACPI: WAET 0x000000003FFF6000 000028 (v01 VRTUAL MICROSFT 00000001 MSFT 00000001)
[    0.016774] ACPI: APIC 0x000000003FFD6000 000050 (v04 VRTUAL MICROSFT 00000001 MSFT 00000001)
[    0.016780] ACPI: SRAT 0x000000003FFD5000 000180 (v02 VRTUAL MICROSFT 00000001 MSFT 00000001)
[    0.016785] ACPI: BGRT 0x000000003FFD4000 000038 (v01 VRTUAL MICROSFT 00000001 MSFT 00000001)
[    0.016791] ACPI: FPDT 0x000000003FFD3000 000034 (v01 VRTUAL MICROSFT 00000001 MSFT 00000001)
[    0.016795] ACPI: Reserving FACP table memory at [mem 0x3fff8000-0x3fff8113]
[    0.016798] ACPI: Reserving DSDT table memory at [mem 0x3ffd7000-0x3fff5183]
[    0.016800] ACPI: Reserving FACS table memory at [mem 0x3fffe000-0x3fffe03f]
[    0.016801] ACPI: Reserving OEM0 table memory at [mem 0x3fff7000-0x3fff7063]
[    0.016803] ACPI: Reserving WAET table memory at [mem 0x3fff6000-0x3fff6027]
[    0.016804] ACPI: Reserving APIC table memory at [mem 0x3ffd6000-0x3ffd604f]
[    0.016806] ACPI: Reserving SRAT table memory at [mem 0x3ffd5000-0x3ffd517f]
[    0.016807] ACPI: Reserving BGRT table memory at [mem 0x3ffd4000-0x3ffd4037]
[    0.016809] ACPI: Reserving FPDT table memory at [mem 0x3ffd3000-0x3ffd3033]
[    0.016958] SRAT: PXM 0 -> APIC 0x00 -> Node 0
[    0.016963] ACPI: SRAT: Node 0 PXM 0 [mem 0x00000000-0x3fffffff] hotplug
[    0.016967] ACPI: SRAT: Node 0 PXM 0 [mem 0x40000000-0xf7ffffff] hotplug
[    0.016970] ACPI: SRAT: Node 0 PXM 0 [mem 0x100000000-0xfdfffffff] hotplug
[    0.016972] ACPI: SRAT: Node 0 PXM 0 [mem 0x1000000000-0xffffffffff] hotplug
[    0.016974] ACPI: SRAT: Node 0 PXM 0 [mem 0x10000000000-0x1ffffffffff] hotplug
[    0.016976] ACPI: SRAT: Node 0 PXM 0 [mem 0x20000000000-0x3ffffffffff] hotplug
[    0.016978] ACPI: SRAT: Node 0 PXM 0 [mem 0x40000000000-0x7ffffffffff] hotplug
[    0.016980] ACPI: SRAT: Node 0 PXM 0 [mem 0x80000000000-0xfffffffffff] hotplug
[    0.016999] NODE_DATA(0) allocated [mem 0x3fbfa000-0x3fc24fff]
[    0.017266] Zone ranges:
[    0.017268]   DMA      [mem 0x0000000000001000-0x0000000000ffffff]
[    0.017271]   DMA32    [mem 0x0000000001000000-0x000000003fffffff]
[    0.017274]   Normal   empty
[    0.017276]   Device   empty
[    0.017278] Movable zone start for each node
[    0.017281] Early memory node ranges
[    0.017282]   node   0: [mem 0x0000000000001000-0x000000000009ffff]
[    0.017285]   node   0: [mem 0x0000000000100000-0x000000003ff40fff]
[    0.017287]   node   0: [mem 0x000000003ffff000-0x000000003fffffff]
[    0.017289] Initmem setup node 0 [mem 0x0000000000001000-0x000000003fffffff]
[    0.017296] On node 0, zone DMA: 1 pages in unavailable ranges
[    0.017325] On node 0, zone DMA: 96 pages in unavailable ranges
[    0.018895] On node 0, zone DMA32: 190 pages in unavailable ranges
[    0.018942] ACPI: PM-Timer IO Port: 0x408
[    0.018952] ACPI: LAPIC_NMI (acpi_id[0x01] dfl dfl lint[0x1])
[    0.019357] IOAPIC[0]: apic_id 1, version 17, address 0xfec00000, GSI 0-23
[    0.019364] ACPI: INT_SRC_OVR (bus 0 bus_irq 9 global_irq 9 high level)
[    0.019371] ACPI: Using ACPI (MADT) for SMP configuration information
[    0.019379] e820: update [mem 0x3ef0d000-0x3ef13fff] usable ==> reserved
[    0.019390] smpboot: Allowing 1 CPUs, 0 hotplug CPUs
[    0.019401] PM: hibernation: Registered nosave memory: [mem 0x00000000-0x00000fff]
[    0.019404] PM: hibernation: Registered nosave memory: [mem 0x000a0000-0x000bffff]
[    0.019405] PM: hibernation: Registered nosave memory: [mem 0x000c0000-0x000fffff]
[    0.019407] PM: hibernation: Registered nosave memory: [mem 0x3ef0d000-0x3ef13fff]
[    0.019409] PM: hibernation: Registered nosave memory: [mem 0x3ff41000-0x3ffc8fff]
[    0.019410] PM: hibernation: Registered nosave memory: [mem 0x3ffc9000-0x3fffafff]
[    0.019411] PM: hibernation: Registered nosave memory: [mem 0x3fffb000-0x3fffefff]
[    0.019413] [mem 0x40000000-0xffffffff] available for PCI devices
[    0.019415] Booting paravirtualized kernel on Hyper-V
[    0.019417] clocksource: refined-jiffies: mask: 0xffffffff max_cycles: 0xffffffff, max_idle_ns: 1910969940391419 ns
[    0.019425] setup_percpu: NR_CPUS:8192 nr_cpumask_bits:1 nr_cpu_ids:1 nr_node_ids:1
[    0.019643] percpu: Embedded 86 pages/cpu s229376 r8192 d114688 u2097152
[    0.019650] pcpu-alloc: s229376 r8192 d114688 u2097152 alloc=1*2097152
[    0.019653] pcpu-alloc: [0] 0 
[    0.019673] Hyper-V: PV spinlocks enabled
[    0.019676] PV qspinlock hash table entries: 256 (order: 0, 4096 bytes, linear)
[    0.019679] Kernel command line: BOOT_IMAGE=/vmlinuz-6.8.0-57-generic root=LABEL=cloudimg-rootfs ro console=tty1 console=ttyS0
[    0.019747] Unknown kernel command line parameters "BOOT_IMAGE=/vmlinuz-6.8.0-57-generic", will be passed to user space.
[    0.019900] Dentry cache hash table entries: 131072 (order: 8, 1048576 bytes, linear)
[    0.019952] Inode-cache hash table entries: 65536 (order: 7, 524288 bytes, linear)
[    0.019995] Fallback order for Node 0: 0 
[    0.019999] Built 1 zonelists, mobility grouping on.  Total pages: 256280
[    0.020001] Policy zone: DMA32
[    0.020007] mem auto-init: stack:all(zero), heap alloc:on, heap free:off
[    0.020011] software IO TLB: area num 1.
[    0.035625] Memory: 869704K/1047428K available (22528K kernel code, 4444K rwdata, 14344K rodata, 4988K init, 4716K bss, 177464K reserved, 0K cma-reserved)
[    0.036554] SLUB: HWalign=64, Order=0-3, MinObjects=0, CPUs=1, Nodes=1
[    0.036568] Kernel/User page tables isolation: enabled
[    0.036598] ftrace: allocating 58010 entries in 227 pages
[    0.046398] ftrace: allocated 227 pages with 5 groups
[    0.047149] Dynamic Preempt: voluntary
[    0.047192] rcu: Preemptible hierarchical RCU implementation.
[    0.047192] rcu: 	RCU restricting CPUs from NR_CPUS=8192 to nr_cpu_ids=1.
[    0.047194] 	Trampoline variant of Tasks RCU enabled.
[    0.047194] 	Rude variant of Tasks RCU enabled.
[    0.047195] 	Tracing variant of Tasks RCU enabled.
[    0.047195] rcu: RCU calculated value of scheduler-enlistment delay is 100 jiffies.
[    0.047196] rcu: Adjusting geometry for rcu_fanout_leaf=16, nr_cpu_ids=1
[    0.049750] Using NULL legacy PIC
[    0.049752] NR_IRQS: 524544, nr_irqs: 256, preallocated irqs: 0
[    0.049785] rcu: srcu_init: Setting srcu_struct sizes based on contention.
[    0.050444] Console: colour dummy device 80x25
[    0.050447] printk: legacy console [tty1] enabled
[    0.050667] printk: legacy console [ttyS0] enabled
[    0.059283] ACPI: Core revision 20230628
[    0.059461] Failed to register legacy timer interrupt
[    0.059514] APIC: Switch to symmetric I/O mode setup
[    0.062042] Hyper-V: enabling crash_kexec_post_notifiers
[    0.062158] Hyper-V: Using IPI hypercalls
[    0.062204] APIC: send_IPI() replaced with hv_send_ipi()
[    0.062263] APIC: send_IPI_mask() replaced with hv_send_ipi_mask()
[    0.062327] APIC: send_IPI_mask_allbutself() replaced with hv_send_ipi_mask_allbutself()
[    0.062409] APIC: send_IPI_allbutself() replaced with hv_send_ipi_allbutself()
[    0.062483] APIC: send_IPI_all() replaced with hv_send_ipi_all()
[    0.062545] APIC: send_IPI_self() replaced with hv_send_ipi_self()
[    0.062608] Hyper-V: Using enlightened APIC (xapic mode)
[    0.062615] APIC: eoi() replaced with hv_apic_eoi_write()
[    0.062743] APIC: read() replaced with hv_apic_read()
[    0.062812] APIC: write() replaced with hv_apic_write()
[    0.062866] APIC: icr_write() replaced with hv_apic_icr_write()
[    0.062956] APIC: icr_read() replaced with hv_apic_icr_read()
[    0.063132] Calibrating delay loop (skipped), value calculated using timer frequency.. 3792.00 BogoMIPS (lpj=1896000)
[    0.063414] Last level iTLB entries: 4KB 64, 2MB 8, 4MB 8
[    0.063470] Last level dTLB entries: 4KB 64, 2MB 0, 4MB 0, 1GB 4
[    0.063534] Spectre V1 : Mitigation: usercopy/swapgs barriers and __user pointer sanitization
[    0.063620] Spectre V2 : Spectre BHI mitigation: SW BHB clearing on vm exit
[    0.063694] Spectre V2 : Spectre BHI mitigation: SW BHB clearing on syscall
[    0.063768] Spectre V2 : Mitigation: IBRS
[    0.063812] Spectre V2 : Spectre v2 / SpectreRSB mitigation: Filling RSB on context switch
[    0.063916] Spectre V2 : Spectre v2 / SpectreRSB : Filling RSB on VMEXIT
[    0.063988] RETBleed: Mitigation: IBRS
[    0.064032] Spectre V2 : mitigation: Enabling conditional Indirect Branch Prediction Barrier
[    0.064122] Speculative Store Bypass: Mitigation: Speculative Store Bypass disabled via prctl
[    0.064129] MDS: Mitigation: Clear CPU buffers
[    0.064129] TAA: Mitigation: Clear CPU buffers
[    0.064129] MMIO Stale Data: Mitigation: Clear CPU buffers
[    0.064129] SRBDS: Unknown: Dependent on hypervisor status
[    0.064129] GDS: Unknown: Dependent on hypervisor status
[    0.064129] x86/fpu: Supporting XSAVE feature 0x001: 'x87 floating point registers'
[    0.064129] x86/fpu: Supporting XSAVE feature 0x002: 'SSE registers'
[    0.064129] x86/fpu: Supporting XSAVE feature 0x004: 'AVX registers'
[    0.064129] x86/fpu: xstate_offset[2]:  576, xstate_sizes[2]:  256
[    0.064129] x86/fpu: Enabled xstate features 0x7, context size is 832 bytes, using 'compacted' format.
[    0.064129] Freeing SMP alternatives memory: 48K
[    0.064129] pid_max: default: 32768 minimum: 301
[    0.064129] LSM: initializing lsm=lockdown,capability,landlock,yama,apparmor,integrity
[    0.064129] landlock: Up and running.
[    0.064129] Yama: becoming mindful.
[    0.064129] AppArmor: AppArmor initialized
[    0.064129] Mount-cache hash table entries: 2048 (order: 2, 16384 bytes, linear)
[    0.064129] Mountpoint-cache hash table entries: 2048 (order: 2, 16384 bytes, linear)
[    0.064129] smpboot: CPU0: Intel(R) Core(TM) i5-8350U CPU @ 1.70GHz (family: 0x6, model: 0x8e, stepping: 0xa)
[    0.064129] RCU Tasks: Setting shift to 0 and lim to 1 rcu_task_cb_adjust=1 rcu_task_cpu_ids=1.
[    0.064129] RCU Tasks Rude: Setting shift to 0 and lim to 1 rcu_task_cb_adjust=1 rcu_task_cpu_ids=1.
[    0.064129] RCU Tasks Trace: Setting shift to 0 and lim to 1 rcu_task_cb_adjust=1 rcu_task_cpu_ids=1.
[    0.064129] Performance Events: unsupported p6 CPU model 142 no PMU driver, software events only.
[    0.064129] signal: max sigframe size: 1776
[    0.064129] rcu: Hierarchical SRCU implementation.
[    0.064129] rcu: 	Max phase no-delay instances is 400.
[    0.064417] NMI watchdog: Perf NMI watchdog permanently disabled
[    0.064516] smp: Bringing up secondary CPUs ...
[    0.064575] smp: Brought up 1 node, 1 CPU
[    0.064624] smpboot: Max logical packages: 1
[    0.064675] smpboot: Total of 1 processors activated (3792.00 BogoMIPS)
[    0.064912] devtmpfs: initialized
[    0.064998] x86/mm: Memory block size: 128MB
[    0.065549] ACPI: PM: Registering ACPI NVS region [mem 0x3fffb000-0x3fffefff] (16384 bytes)
[    0.065799] clocksource: jiffies: mask: 0xffffffff max_cycles: 0xffffffff, max_idle_ns: 1911260446275000 ns
[    0.065915] futex hash table entries: 256 (order: 2, 16384 bytes, linear)
[    0.066057] pinctrl core: initialized pinctrl subsystem
[    0.066643] PM: RTC time: 13:36:39, date: 2025-04-06
[    0.067261] NET: Registered PF_NETLINK/PF_ROUTE protocol family
[    0.067452] DMA: preallocated 128 KiB GFP_KERNEL pool for atomic allocations
[    0.067543] DMA: preallocated 128 KiB GFP_KERNEL|GFP_DMA pool for atomic allocations
[    0.067641] DMA: preallocated 128 KiB GFP_KERNEL|GFP_DMA32 pool for atomic allocations
[    0.067745] audit: initializing netlink subsys (disabled)
[    0.067836] audit: type=2000 audit(1743946599.004:1): state=initialized audit_enabled=0 res=1
[    0.068068] thermal_sys: Registered thermal governor 'fair_share'
[    0.068070] thermal_sys: Registered thermal governor 'bang_bang'
[    0.068140] thermal_sys: Registered thermal governor 'step_wise'
[    0.068210] thermal_sys: Registered thermal governor 'user_space'
[    0.068280] thermal_sys: Registered thermal governor 'power_allocator'
[    0.068358] EISA bus registered
[    0.068477] cpuidle: using governor ladder
[    0.068530] cpuidle: using governor menu
[    0.068624] acpiphp: ACPI Hot Plug PCI Controller Driver version: 0.5
[    0.068795] e820: reserve RAM buffer [mem 0x3ef0d000-0x3fffffff]
[    0.068798] e820: reserve RAM buffer [mem 0x3ff41000-0x3fffffff]
[    0.068927] kprobes: kprobe jump-optimization is enabled. All kprobes are optimized if possible.
[    0.105192] HugeTLB: registered 1.00 GiB page size, pre-allocated 0 pages
[    0.105274] HugeTLB: 16380 KiB vmemmap can be freed for a 1.00 GiB page
[    0.105345] HugeTLB: registered 2.00 MiB page size, pre-allocated 0 pages
[    0.105417] HugeTLB: 28 KiB vmemmap can be freed for a 2.00 MiB page
[    0.107432] fbcon: Taking over console
[    0.107498] ACPI: Added _OSI(Module Device)
[    0.107563] ACPI: Added _OSI(Processor Device)
[    0.107612] ACPI: Added _OSI(3.0 _SCP Extensions)
[    0.107663] ACPI: Added _OSI(Processor Aggregator Device)
[    0.121830] ACPI: 1 ACPI AML tables successfully acquired and loaded
[    0.122906] ACPI: _OSC evaluation for CPUs failed, trying _PDC
[    0.123033] ACPI: Interpreter enabled
[    0.123084] ACPI: PM: (supports S0 S5)
[    0.123127] ACPI: Using IOAPIC for interrupt routing
[    0.123187] PCI: Using host bridge windows from ACPI; if necessary, use "pci=nocrs" and report a bug
[    0.123311] PCI: Ignoring E820 reservations for host bridge windows
[    0.123537] ACPI: Enabled 2 GPEs in block 00 to 0F
[    0.125339] iommu: Default domain type: Translated
[    0.125396] iommu: DMA domain TLB invalidation policy: lazy mode
[    0.125616] SCSI subsystem initialized
[    0.125708] libata version 3.00 loaded.
[    0.125729] ACPI: bus type USB registered
[    0.125804] usbcore: registered new interface driver usbfs
[    0.125868] usbcore: registered new interface driver hub
[    0.125929] usbcore: registered new device driver usb
[    0.126005] pps_core: LinuxPPS API ver. 1 registered
[    0.126059] pps_core: Software ver. 5.3.6 - Copyright 2005-2007 Rodolfo Giometti <giometti@linux.it>
[    0.126137] PTP clock support registered
[    0.126227] EDAC MC: Ver: 3.0.0
[    0.126504] efivars: Registered efivars operations
[    0.127063] NetLabel: Initializing
[    0.127125] NetLabel:  domain hash size = 128
[    0.127153] NetLabel:  protocols = UNLABELED CIPSOv4 CALIPSO
[    0.127269] NetLabel:  unlabeled traffic allowed by default
[    0.127453] mctp: management component transport protocol core
[    0.127518] NET: Registered PF_MCTP protocol family
[    0.127589] PCI: Using ACPI for IRQ routing
[    0.127635] PCI: System does not support PCI
[    0.127715] vgaarb: loaded
[    0.127836] clocksource: Switched to clocksource hyperv_clocksource_tsc_page
[    0.128045] VFS: Disk quotas dquot_6.6.0
[    0.128100] VFS: Dquot-cache hash table entries: 512 (order 0, 4096 bytes)
[    0.128279] AppArmor: AppArmor Filesystem Enabled
[    0.128371] pnp: PnP ACPI init
[    0.128476] pnp: PnP ACPI: found 1 devices
[    0.134624] clocksource: acpi_pm: mask: 0xffffff max_cycles: 0xffffff, max_idle_ns: 2085701024 ns
[    0.134823] NET: Registered PF_INET protocol family
[    0.134938] IP idents hash table entries: 16384 (order: 5, 131072 bytes, linear)
[    0.153159] tcp_listen_portaddr_hash hash table entries: 512 (order: 1, 8192 bytes, linear)
[    0.153288] Table-perturb hash table entries: 65536 (order: 6, 262144 bytes, linear)
[    0.153395] TCP established hash table entries: 8192 (order: 4, 65536 bytes, linear)
[    0.153534] TCP bind hash table entries: 8192 (order: 6, 262144 bytes, linear)
[    0.153654] TCP: Hash tables configured (established 8192 bind 8192)
[    0.153795] MPTCP token hash table entries: 1024 (order: 2, 24576 bytes, linear)
[    0.153901] UDP hash table entries: 512 (order: 2, 16384 bytes, linear)
[    0.153989] UDP-Lite hash table entries: 512 (order: 2, 16384 bytes, linear)
[    0.154116] NET: Registered PF_UNIX/PF_LOCAL protocol family
[    0.154195] NET: Registered PF_XDP protocol family
[    0.154260] PCI: CLS 0 bytes, default 64
[    0.154360] Trying to unpack rootfs image as initramfs...
[    0.155774] PCI-DMA: Using software bounce buffering for IO (SWIOTLB)
[    0.155858] software IO TLB: mapped [mem 0x0000000034c36000-0x0000000038c36000] (64MB)
[    0.156361] Initialise system trusted keyrings
[    0.156451] Key type blacklist registered
[    0.156539] workingset: timestamp_bits=36 max_order=18 bucket_order=0
[    0.156634] zbud: loaded
[    0.156931] squashfs: version 4.0 (2009/01/31) Phillip Lougher
[    0.157820] fuse: init (API version 7.39)
[    0.157997] integrity: Platform Keyring initialized
[    0.158066] integrity: Machine keyring initialized
[    0.186785] Key type asymmetric registered
[    0.186837] Asymmetric key parser 'x509' registered
[    0.186910] Block layer SCSI generic (bsg) driver version 0.4 loaded (major 243)
[    0.187033] io scheduler mq-deadline registered
[    0.187811] shpchp: Standard Hot Plug PCI Controller Driver version: 0.4
[    0.188126] ACPI: AC: AC Adapter [AC1] (off-line)
[    0.189431] ACPI: battery: Slot [BAT1] (battery present)
[    0.189638] Serial: 8250/16550 driver, 32 ports, IRQ sharing enabled
[    0.193827] Linux agpgart interface v0.103
[    0.196874] loop: module loaded
[    0.197068] ACPI: bus type drm_connector registered
[    0.197260] tun: Universal TUN/TAP device driver, 1.6
[    0.197343] PPP generic driver version 2.4.2
[    0.197515] i8042: PNP: No PS/2 controller found.
[    0.197607] mousedev: PS/2 mouse device common for all mice
[    0.198959] rtc_cmos 00:00: RTC can wake from S4
[    0.204848] rtc_cmos 00:00: registered as rtc0
[    0.205322] rtc_cmos 00:00: setting system clock to 2025-04-06T13:36:39 UTC (1743946599)
[    0.205600] rtc_cmos 00:00: alarms up to one month, 114 bytes nvram
[    0.205678] i2c_dev: i2c /dev entries driver
[    0.205756] device-mapper: core: CONFIG_IMA_DISABLE_HTABLE is disabled. Duplicate IMA measurements will not be recorded in the IMA log.
[    0.205897] device-mapper: uevent: version 1.0.3
[    0.206002] device-mapper: ioctl: 4.48.0-ioctl (2023-03-01) initialised: dm-devel@redhat.com
[    0.206114] platform eisa.0: Probing EISA bus 0
[    0.206177] platform eisa.0: EISA: Detected 0 cards
[    0.206232] intel_pstate: CPU model not supported
[    0.206748] ledtrig-cpu: registered to indicate activity on CPUs
[    0.206945] [drm] Initialized simpledrm 1.0.0 20200625 for simple-framebuffer.0 on minor 0
[    0.210152] Console: switching to colour frame buffer device 128x48
[    0.214372] simple-framebuffer simple-framebuffer.0: [drm] fb0: simpledrmdrmfb frame buffer device
[    0.215950] drop_monitor: Initializing network drop monitor service
[    0.216140] NET: Registered PF_INET6 protocol family
[    0.261640] Freeing initrd memory: 27716K
[    0.267711] Segment Routing with IPv6
[    0.267895] In-situ OAM (IOAM) with IPv6
[    0.267988] NET: Registered PF_PACKET protocol family
[    0.268129] Key type dns_resolver registered
[    0.268359] IPI shorthand broadcast: enabled
[    0.270242] sched_clock: Marking stable (257003300, 12738000)->(318367700, -48626400)
[    0.270449] registered taskstats version 1
[    0.270638] Loading compiled-in X.509 certificates
[    0.271231] Loaded X.509 cert 'Build time autogenerated kernel key: 314db5b871207b67c6af73164cb9641e90a23972'
[    0.271937] Loaded X.509 cert 'Canonical Ltd. Live Patch Signing: 14df34d1a87cf37625abec039ef2bf521249b969'
[    0.272485] Loaded X.509 cert 'Canonical Ltd. Kernel Module Signing: 88f752e560a1e0737e31163a466ad7b70a850c19'
[    0.272600] blacklist: Loading compiled-in revocation X.509 certificates
[    0.272801] Loaded X.509 cert 'Canonical Ltd. Secure Boot Signing: 61482aa2830d0ab2ad5af10b7250da9033ddcef0'
[    0.272947] Loaded X.509 cert 'Canonical Ltd. Secure Boot Signing (2017): 242ade75ac4a15e50d50c84b0d45ff3eae707a03'
[    0.273077] Loaded X.509 cert 'Canonical Ltd. Secure Boot Signing (ESM 2018): 365188c1d374d6b07c3c8f240f8ef722433d6a8b'
[    0.273209] Loaded X.509 cert 'Canonical Ltd. Secure Boot Signing (2019): c0746fd6c5da3ae827864651ad66ae47fe24b3e8'
[    0.273339] Loaded X.509 cert 'Canonical Ltd. Secure Boot Signing (2021 v1): a8d54bbb3825cfb94fa13c9f8a594a195c107b8d'
[    0.273470] Loaded X.509 cert 'Canonical Ltd. Secure Boot Signing (2021 v2): 4cf046892d6fd3c9a5b03f98d845f90851dc6a8c'
[    0.273601] Loaded X.509 cert 'Canonical Ltd. Secure Boot Signing (2021 v3): 100437bb6de6e469b581e61cd66bce3ef4ed53af'
[    0.277543] Loaded X.509 cert 'Canonical Ltd. Secure Boot Signing (Ubuntu Core 2019): c1d57b8f6b743f23ee41f4f7ee292f06eecadfb9'
[    0.299230] Key type .fscrypt registered
[    0.300843] Key type fscrypt-provisioning registered
[    0.312880] cryptd: max_cpu_qlen set to 1000
[    0.320300] AVX2 version of gcm_enc/dec engaged.
[    0.321699] AES CTR mode by8 optimization enabled
[    0.339579] Key type encrypted registered
[    0.340810] AppArmor: AppArmor sha256 policy hashing enabled
[    0.341820] integrity: Loading X.509 certificate: UEFI:db
[    0.342403] integrity: Loaded X.509 cert 'Microsoft Windows Production PCA 2011: a92902398e16c49778cd90f99e4f9ae17c55af53'
[    0.343399] integrity: Loading X.509 certificate: UEFI:db
[    0.344730] integrity: Loaded X.509 cert 'Microsoft Corporation: Windows UEFI CA 2023: aefc5fbbbe055d8f8daa585473499417ab5a5272'
[    0.347188] ima: No TPM chip found, activating TPM-bypass!
[    0.347544] Loading compiled-in module X.509 certificates
[    0.349000] Loaded X.509 cert 'Build time autogenerated kernel key: 314db5b871207b67c6af73164cb9641e90a23972'
[    0.349939] ima: Allocated hash algorithm: sha256
[    0.350292] ima: No architecture policies found
[    0.350630] evm: Initialising EVM extended attributes:
[    0.350981] evm: security.selinux
[    0.351286] evm: security.SMACK64
[    0.351585] evm: security.SMACK64EXEC
[    0.351906] evm: security.SMACK64TRANSMUTE
[    0.352206] evm: security.SMACK64MMAP
[    0.352494] evm: security.apparmor
[    0.352823] evm: security.ima
[    0.353096] evm: security.capability
[    0.353372] evm: HMAC attrs: 0x1
[    0.354870] PM:   Magic number: 5:397:634
[    0.361388] RAS: Correctable Errors collector initialized.
[    0.363025] clk: Disabling unused clocks
[    0.365064] Freeing unused decrypted memory: 2028K
[    0.366458] Freeing unused kernel image (initmem) memory: 4988K
[    0.366872] Write protecting the kernel read-only data: 38912k
[    0.367720] Freeing unused kernel image (rodata/data gap) memory: 2040K
[    0.414725] x86/mm: Checked W+X mappings: passed, no W+X pages found.
[    0.415050] x86/mm: Checking user space page tables
[    0.461075] x86/mm: Checked W+X mappings: passed, no W+X pages found.
[    0.462223] Run /init as init process
[    0.462563]   with arguments:
[    0.462567]     /init
[    0.462569]   with environment:
[    0.462570]     HOME=/
[    0.462572]     TERM=linux
[    0.462573]     BOOT_IMAGE=/vmlinuz-6.8.0-57-generic
[    0.701752] hv_vmbus: Vmbus version:5.2
[    0.768474] hv_vmbus: registering driver hyperv_keyboard
[    0.775835] input: AT Translated Set 2 keyboard as /devices/LNXSYSTM:00/LNXSYBUS:00/ACPI0004:00/VMBUS:00/d34b2567-b9b6-42b9-8778-0a4ec0b955bf/serio0/input/input0
[    0.779941] hv_utils: Registering HyperV Utility Driver
[    0.780289] hv_vmbus: registering driver hv_utils
[    0.781452] hv_utils: Heartbeat IC version 3.0
[    0.781847] hv_utils: Shutdown IC version 3.2
[    0.782147] hv_utils: TimeSync IC version 4.0
[    0.782717] hv_utils: VSS IC version 5.0
[    0.788816] hid: raw HID events driver (C) Jiri Kosina
[    0.790547] hv_vmbus: registering driver hid_hyperv
[    0.793491] hv_vmbus: registering driver hv_netvsc
[    0.796388] input: Microsoft Vmbus HID-compliant Mouse as /devices/0006:045E:0621.0001/input/input1
[    0.797827] hid 0006:045E:0621.0001: input: VIRTUAL HID v0.01 Mouse [Microsoft Vmbus HID-compliant Mouse] on 
[    0.800055] hv_vmbus: registering driver hv_storvsc
[    0.805361] scsi host0: storvsc_host_t
[    0.806771] scsi 0:0:0:0: Direct-Access     Msft     Virtual Disk     1.0  PQ: 0 ANSI: 5
[    0.830471] scsi 0:0:0:1: CD-ROM            Msft     Virtual DVD-ROM  1.0  PQ: 0 ANSI: 0
[    0.849825] sd 0:0:0:0: [sda] 10485760 512-byte logical blocks: (5.37 GB/5.00 GiB)
[    0.853322] sd 0:0:0:0: [sda] Write Protect is off
[    0.854541] sd 0:0:0:0: [sda] Mode Sense: 0f 00 00 00
[    0.855058] sd 0:0:0:0: Attached scsi generic sg0 type 0
[    0.860214] sd 0:0:0:0: [sda] Write cache: enabled, read cache: enabled, doesn't support DPO or FUA
[    0.862092] sr 0:0:0:1: [sr0] scsi-1 drive
[    0.863366] cdrom: Uniform CD-ROM driver Revision: 3.20
[    0.872839] sr 0:0:0:1: Attached scsi CD-ROM sr0
[    0.873562] sr 0:0:0:1: Attached scsi generic sg1 type 5
[    0.882562] GPT:Primary header thinks Alt. header is not at the end of the disk.
[    0.884103] GPT:7340031 != 10485759
[    0.885282] GPT:Alternate GPT header not at the end of the disk.
[    0.886588] GPT:7340031 != 10485759
[    0.887660] GPT: Use GNU Parted to correct GPT errors.
[    0.888921]  sda: sda1 sda14 sda15 sda16
[    0.896187] sd 0:0:0:0: [sda] Attached SCSI disk
[    1.199745] raid6: avx2x4   gen() 34063 MB/s
[    1.216745] raid6: avx2x2   gen() 27577 MB/s
[    1.233744] raid6: avx2x1   gen() 22100 MB/s
[    1.234140] raid6: using algorithm avx2x4 gen() 34063 MB/s
[    1.250745] raid6: .... xor() 13540 MB/s, rmw enabled
[    1.251149] raid6: using avx2x2 recovery algorithm
[    1.254790] xor: automatically using best checksumming function   avx       
[    1.257324] async_tx: api initialized (async)
[    1.434481] Btrfs loaded, zoned=yes, fsverity=yes
[    1.527420] EXT4-fs (sda1): mounted filesystem b852d8d2-8460-44aa-8998-23e4f04d73cf ro with ordered data mode. Quota mode: none.
[    1.813680] systemd[1]: Inserted module 'autofs4'
[    1.858175] systemd[1]: systemd 255.4-1ubuntu8.6 running in system mode (+PAM +AUDIT +SELINUX +APPARMOR +IMA +SMACK +SECCOMP +GCRYPT -GNUTLS +OPENSSL +ACL +BLKID +CURL +ELFUTILS +FIDO2 +IDN2 -IDN +IPTC +KMOD +LIBCRYPTSETUP +LIBFDISK +PCRE2 -PWQUALITY +P11KIT +QRENCODE +TPM2 +BZIP2 +LZ4 +XZ +ZLIB +ZSTD -BPF_FRAMEWORK -XKBCOMMON +UTMP +SYSVINIT default-hierarchy=unified)
[    1.862929] systemd[1]: Detected virtualization microsoft.
[    1.868104] systemd[1]: Detected architecture x86-64.
[    1.905445] systemd[1]: Hostname set to <ubuntu>.
[    1.912697] systemd[1]: Initializing machine ID from random generator.
[    1.913488] systemd[1]: Installed transient /etc/machine-id file.
[    2.349605] systemd[1]: Queued start job for default target graphical.target.
[    2.368123] systemd[1]: Created slice system-modprobe.slice - Slice /system/modprobe.
[    2.371233] systemd[1]: Created slice system-systemd\x2dfsck.slice - Slice /system/systemd-fsck.
[    2.373918] systemd[1]: Created slice user.slice - User and Session Slice.
[    2.376409] systemd[1]: Started systemd-ask-password-wall.path - Forward Password Requests to Wall Directory Watch.
[    2.380103] systemd[1]: Set up automount proc-sys-fs-binfmt_misc.automount - Arbitrary Executable File Formats File System Automount Point.
[    2.382999] systemd[1]: Expecting device dev-disk-by\x2dlabel-BOOT.device - /dev/disk/by-label/BOOT...
[    2.385063] systemd[1]: Expecting device dev-disk-by\x2dlabel-UEFI.device - /dev/disk/by-label/UEFI...
[    2.387158] systemd[1]: Reached target integritysetup.target - Local Integrity Protected Volumes.
[    2.389220] systemd[1]: Reached target slices.target - Slice Units.
[    2.391581] systemd[1]: Reached target snapd.mounts-pre.target - Mounting snaps.
[    2.395025] systemd[1]: Reached target snapd.mounts.target - Mounted snaps.
[    2.397162] systemd[1]: Reached target swap.target - Swaps.
[    2.399226] systemd[1]: Reached target veritysetup.target - Local Verity Protected Volumes.
[    2.401465] systemd[1]: Listening on dm-event.socket - Device-mapper event daemon FIFOs.
[    2.403858] systemd[1]: Listening on lvm2-lvmpolld.socket - LVM2 poll daemon socket.
[    2.407020] systemd[1]: Listening on multipathd.socket - multipathd control socket.
[    2.411675] systemd[1]: Listening on syslog.socket - Syslog Socket.
[    2.413026] systemd[1]: Listening on systemd-fsckd.socket - fsck to fsckd communication Socket.
[    2.414260] systemd[1]: Listening on systemd-initctl.socket - initctl Compatibility Named Pipe.
[    2.416660] systemd[1]: Listening on systemd-journald-dev-log.socket - Journal Socket (/dev/log).
[    2.419011] systemd[1]: Listening on systemd-journald.socket - Journal Socket.
[    2.421465] systemd[1]: Listening on systemd-networkd.socket - Network Service Netlink Socket.
[    2.423611] systemd[1]: systemd-pcrextend.socket - TPM2 PCR Extension (Varlink) was skipped because of an unmet condition check (ConditionSecurity=measured-uki).
[    2.427961] systemd[1]: Listening on systemd-udevd-control.socket - udev Control Socket.
[    2.430401] systemd[1]: Listening on systemd-udevd-kernel.socket - udev Kernel Socket.
[    2.439920] systemd[1]: Mounting dev-hugepages.mount - Huge Pages File System...
[    2.448900] systemd[1]: Mounting dev-mqueue.mount - POSIX Message Queue File System...
[    2.459879] systemd[1]: Mounting sys-kernel-debug.mount - Kernel Debug File System...
[    2.471841] systemd[1]: Mounting sys-kernel-tracing.mount - Kernel Trace File System...
[    2.484894] systemd[1]: Starting systemd-journald.service - Journal Service...
[    2.496907] systemd[1]: Starting keyboard-setup.service - Set the console keyboard layout...
[    2.505883] systemd[1]: Starting kmod-static-nodes.service - Create List of Static Device Nodes...
[    2.512873] systemd[1]: Starting lvm2-monitor.service - Monitoring of LVM2 mirrors, snapshots etc. using dmeventd or progress polling...
[    2.528009] systemd[1]: Starting modprobe@configfs.service - Load Kernel Module configfs...
[    2.541019] systemd[1]: Starting modprobe@dm_mod.service - Load Kernel Module dm_mod...
[    2.562030] systemd-journald[301]: Collecting audit messages is disabled.
[    2.563881] systemd[1]: Starting modprobe@drm.service - Load Kernel Module drm...
[    2.598901] systemd[1]: Starting modprobe@efi_pstore.service - Load Kernel Module efi_pstore...
[    2.624371] systemd[1]: Starting modprobe@fuse.service - Load Kernel Module fuse...
[    2.637035] systemd[1]: Starting modprobe@loop.service - Load Kernel Module loop...
[    2.637571] systemd[1]: netplan-ovs-cleanup.service - OpenVSwitch configuration for cleanup was skipped because of an unmet condition check (ConditionFileIsExecutable=/usr/bin/ovs-vsctl).
[    2.641815] pstore: Using crash dump compression: deflate
[    2.664880] systemd[1]: Starting systemd-fsck-root.service - File System Check on Root Device...
[    2.671045] pstore: Registered efi_pstore as persistent store backend
[    2.691922] systemd[1]: Starting systemd-modules-load.service - Load Kernel Modules...
[    2.693678] systemd[1]: systemd-pcrmachine.service - TPM2 PCR Machine ID Measurement was skipped because of an unmet condition check (ConditionSecurity=measured-uki).
[    2.705840] systemd[1]: systemd-tpm2-setup-early.service - TPM2 SRK Setup (Early) was skipped because of an unmet condition check (ConditionSecurity=measured-uki).
[    2.717439] systemd[1]: Starting systemd-udev-trigger.service - Coldplug All udev Devices...
[    2.722574] systemd[1]: Started systemd-journald.service - Journal Service.
[    2.923373] EXT4-fs (sda1): re-mounted b852d8d2-8460-44aa-8998-23e4f04d73cf r/w. Quota mode: none.
[    3.040430] systemd-journald[301]: Received client request to flush runtime journal.
[    4.045310] hv_vmbus: registering driver hv_balloon
[    4.046991] hv_balloon: Using Dynamic Memory protocol version 2.0
[    4.051692] hv_vmbus: registering driver hyperv_fb
[    4.052315] hyperv_fb: Synthvid Version major 3, minor 5
[    4.052350] hyperv_fb: Screen resolution: 1024x768, Color depth: 32, Frame buffer size: 8388608
[    4.055839] Console: switching to colour dummy device 80x25
[    4.059069] Console: switching to colour frame buffer device 128x48
[    4.403420] EXT4-fs (sda16): mounted filesystem 09d53dc1-1e03-4286-bbb8-2b1796cf92ec r/w with ordered data mode. Quota mode: none.
[    4.565640] audit: type=1400 audit(1743939404.318:2): apparmor="STATUS" operation="profile_load" profile="unconfined" name="1password" pid=525 comm="apparmor_parser"
[    4.569786] audit: type=1400 audit(1743939404.322:3): apparmor="STATUS" operation="profile_load" profile="unconfined" name="Discord" pid=529 comm="apparmor_parser"
[    4.574511] audit: type=1400 audit(1743939404.326:4): apparmor="STATUS" operation="profile_load" profile="unconfined" name=4D6F6E676F444220436F6D70617373 pid=532 comm="apparmor_parser"
[    4.581601] audit: type=1400 audit(1743939404.334:5): apparmor="STATUS" operation="profile_load" profile="unconfined" name="QtWebEngineProcess" pid=534 comm="apparmor_parser"
[    4.587808] audit: type=1400 audit(1743939404.341:6): apparmor="STATUS" operation="profile_load" profile="unconfined" name="balena-etcher" pid=535 comm="apparmor_parser"
[    4.597176] audit: type=1400 audit(1743939404.350:7): apparmor="STATUS" operation="profile_load" profile="unconfined" name="brave" pid=536 comm="apparmor_parser"
[    4.601937] audit: type=1400 audit(1743939404.355:8): apparmor="STATUS" operation="profile_load" profile="unconfined" name="buildah" pid=537 comm="apparmor_parser"
[    4.605530] audit: type=1400 audit(1743939404.358:9): apparmor="STATUS" operation="profile_load" profile="unconfined" name="busybox" pid=539 comm="apparmor_parser"
[    4.638461] audit: type=1400 audit(1743939404.391:10): apparmor="STATUS" operation="profile_load" profile="unconfined" name="cam" pid=540 comm="apparmor_parser"
[    5.072533] kauditd_printk_skb: 24 callbacks suppressed
[    5.072536] audit: type=1400 audit(1743939404.825:35): apparmor="STATUS" operation="profile_load" profile="unconfined" name="lxc-create" pid=577 comm="apparmor_parser"
[    5.080386] audit: type=1400 audit(1743939404.833:36): apparmor="STATUS" operation="profile_load" profile="unconfined" name="lxc-destroy" pid=578 comm="apparmor_parser"
[    5.085719] audit: type=1400 audit(1743939404.838:37): apparmor="STATUS" operation="profile_load" profile="unconfined" name="lxc-execute" pid=579 comm="apparmor_parser"
[    5.093608] audit: type=1400 audit(1743939404.846:38): apparmor="STATUS" operation="profile_load" profile="unconfined" name="lxc-stop" pid=581 comm="apparmor_parser"
[    5.097469] audit: type=1400 audit(1743939404.850:39): apparmor="STATUS" operation="profile_load" profile="unconfined" name="lxc-unshare" pid=582 comm="apparmor_parser"
[    5.100894] audit: type=1400 audit(1743939404.854:40): apparmor="STATUS" operation="profile_load" profile="unconfined" name="lxc-usernsexec" pid=583 comm="apparmor_parser"
[    5.105430] audit: type=1400 audit(1743939404.858:41): apparmor="STATUS" operation="profile_load" profile="unconfined" name="mmdebstrap" pid=584 comm="apparmor_parser"
[    5.111500] audit: type=1400 audit(1743939404.864:42): apparmor="STATUS" operation="profile_load" profile="unconfined" name="msedge" pid=585 comm="apparmor_parser"
[    5.117932] audit: type=1400 audit(1743939404.871:43): apparmor="STATUS" operation="profile_load" profile="unconfined" name="nautilus" pid=586 comm="apparmor_parser"
[    5.123989] audit: type=1400 audit(1743939404.877:44): apparmor="STATUS" operation="profile_load" profile="unconfined" name="notepadqq" pid=587 comm="apparmor_parser"
[    8.036213] ISO 9660 Extensions: Microsoft Joliet Level 3
[    8.037217] ISOFS: changing to secondary root
[   12.575170] EXT4-fs (sda1): resizing filesystem from 655099 to 1048315 blocks
[   12.663668] EXT4-fs (sda1): resized filesystem to 1048315
[   15.902350] kauditd_printk_skb: 76 callbacks suppressed
[   15.902353] audit: type=1400 audit(1743939415.653:121): apparmor="STATUS" operation="profile_replace" info="same as current profile, skipping" profile="unconfined" name="rsyslogd" pid=895 comm="apparmor_parser"
[   16.738206] loop0: detected capacity change from 0 to 8
[   17.379812] audit: type=1400 audit(1743939417.133:122): apparmor="STATUS" operation="profile_replace" profile="unconfined" name="/usr/lib/snapd/snap-confine" pid=1039 comm="apparmor_parser"
[   17.383528] audit: type=1400 audit(1743939417.136:123): apparmor="STATUS" operation="profile_replace" profile="unconfined" name="/usr/lib/snapd/snap-confine//mount-namespace-capture-helper" pid=1039 comm="apparmor_parser"
[   52.067847] hv_balloon: Max. dynamic memory size: 1024 MB
[ 1237.075884] TCP: eth0: Driver has suspect GRO implementation, TCP performance may be compromised.
